[36mvite v7.3.1 [32mbuilding client environment for production...[36m[39m
transforming...
node.exe : 
[33m[vite:css][postcss] 
@import must precede all 
other statements (besides 
@charset or empty @layer)
At C:\Users\rajan\AppData\Roa
ming\npm\npx.ps1:24 char:5
+     & "node$exe"  "$basedir
/node_modules/npm/bin/npx-cli
.js" $args
+     ~~~~~~~~~~~~~~~~~~~~~~~
~~~~~~~~~~~~~~~~~~~~~~~~~~~~~
~~~~~~~~~~
    + CategoryInfo           
   : NotSpecified: ([33m[v  
  ite:css]...r empty @laye   
 r):String) [], RemoteExc    
eption
    + FullyQualifiedErrorId  
   : NativeCommandError
 
915 |  
916 |  /* Import additional 
styles */
917 |  @import 
'./styles/components.css';
    |  ^^^^^^^^^^^^^^^^^^^^^^
^^^^^^^^^^^^
918 |  @import 
'./styles/pages.css';
919 |  @import './styles/dash
board.css';[39m
[33m[vite:css][postcss] 
@import must precede all 
other statements (besides 
@charset or empty @layer)
916 |  /* Import additional 
styles */
917 |  @import 
'./styles/components.css';
918 |  @import 
'./styles/pages.css';
    |  
^^^^^^^^^^^^^^^^^^^^^^^^^^^^^
919 |  @import './styles/dash
board.css';[39m
[33m[vite:css][postcss] 
@import must precede all 
other statements (besides 
@charset or empty @layer)
917 |  @import 
'./styles/components.css';
918 |  @import 
'./styles/pages.css';
919 |  @import 
'./styles/dashboard.css';
    |  ^^^^^^^^^^^^^^^^^^^^^^
^^^^^^^^^^^[39m
[32mΓ£ô[39m 114 modules transformed.
[31mΓ£ù[39m Build failed 
in 573ms
[31merror during build:
[31msrc/pages/Home.jsx 
(8:4): "FaSearch" is not 
exported by "node_modules/rea
ct-icons/fa6/index.mjs", 
imported by 
"src/pages/Home.jsx".[31m
file: [36mE:/College_Lover/C
ollege_Lover-main/frontend/sr
c/pages/Home.jsx:8:4[31m
[33m
 6: import toast from 
'react-hot-toast';
 7: import {
 8:     FaSearch,
        ^
 9:     FaTimes,
10:     FaSparkles,
[31m
    at getRollupError (file:/
//E:/College_Lover/College_Lo
ver-main/frontend/node_module
s/rollup/dist/es/shared/parse
Ast.js:402:41)
    at error (file:///E:/Coll
ege_Lover/College_Lover-main/
frontend/node_modules/rollup/
dist/es/shared/parseAst.js:39
8:42)
    at Module.error (file:///
E:/College_Lover/College_Love
r-main/frontend/node_modules/
rollup/dist/es/shared/node-en
try.js:17040:16)
    at Module.traceVariable (
file:///E:/College_Lover/Coll
ege_Lover-main/frontend/node_
modules/rollup/dist/es/shared
/node-entry.js:17452:29)
    at 
ModuleScope.findVariable (fil
e:///E:/College_Lover/College
_Lover-main/frontend/node_mod
ules/rollup/dist/es/shared/no
de-entry.js:15070:39)
    at ReturnValueScope.findV
ariable (file:///E:/College_L
over/College_Lover-main/front
end/node_modules/rollup/dist/
es/shared/node-entry.js:5673:
38)
    at FunctionBodyScope.find
Variable (file:///E:/College_
Lover/College_Lover-main/fron
tend/node_modules/rollup/dist
/es/shared/node-entry.js:5673
:38)
    at Identifier.bind (file:
///E:/College_Lover/College_L
over-main/frontend/node_modul
es/rollup/dist/es/shared/node
-entry.js:5447:40)
    at CallExpression.bind (f
ile:///E:/College_Lover/Colle
ge_Lover-main/frontend/node_m
odules/rollup/dist/es/shared/
node-entry.js:2825:28)
    at CallExpression.bind (f
ile:///E:/College_Lover/Colle
ge_Lover-main/frontend/node_m
odules/rollup/dist/es/shared/
node-entry.js:12179:15)[39m
